// Jest Snapshot v1, https://goo.gl/fbAQLP

exports[`<FollowTab/> renders and matches snapshot 1`] = `
<DocumentFragment>
  <div
    class="FollowTab-root-1"
    data-testid="follow-tab"
  >
    <ul
      class="MuiGridList-root-5 FollowTab-gridList-3"
      style="margin: -2px;"
    />
  </div>
</DocumentFragment>
`;
