// Jest Snapshot v1, https://goo.gl/fbAQLP

exports[`<FollowUser/> renders and matches snapshot 1`] = `
<DocumentFragment>
  <button
    class="MuiButtonBase-root-27 MuiButton-root-1 MuiButton-contained-12 MuiButton-containedSecondary-14 MuiButton-raised-15 MuiButton-raisedSecondary-17"
    data-testid="button"
    tabindex="0"
    type="button"
  >
    <span
      class="MuiButton-label-2"
    >
      Follow
    </span>
    <span
      class="MuiTouchRipple-root-30"
    />
  </button>
</DocumentFragment>
`;
